Setting top to                           : /Users/luke/workspace/ambient-time/appstores/pebble/tarot-reader
Setting out to                           : /Users/luke/workspace/ambient-time/appstores/pebble/tarot-reader/build
Checking for program 'webpack'           : /Users/luke/Library/Application Support/Pebble SDK/SDKs/current/node_modules/.bin/webpack
WARNING: enableMultiJS is not enabled for this project. message_keys.json will not be included in your project unless you add it to your pebble-js-app.js file.
Found Pebble SDK for gabbro in:          : /Users/luke/Library/Application Support/Pebble SDK/SDKs/current/sdk-core/pebble/gabbro
Checking for program 'gcc, cc'           : arm-none-eabi-gcc
Checking for program 'ar'                : arm-none-eabi-ar
Found Pebble SDK for flint in:           : /Users/luke/Library/Application Support/Pebble SDK/SDKs/current/sdk-core/pebble/flint
Checking for program 'gcc, cc'           : arm-none-eabi-gcc
Checking for program 'ar'                : arm-none-eabi-ar
Found Pebble SDK for emery in:           : /Users/luke/Library/Application Support/Pebble SDK/SDKs/current/sdk-core/pebble/emery
Checking for program 'gcc, cc'           : arm-none-eabi-gcc
Checking for program 'ar'                : arm-none-eabi-ar
Found Pebble SDK for diorite in:         : /Users/luke/Library/Application Support/Pebble SDK/SDKs/current/sdk-core/pebble/diorite
Checking for program 'gcc, cc'           : arm-none-eabi-gcc
Checking for program 'ar'                : arm-none-eabi-ar
Found Pebble SDK for chalk in:           : /Users/luke/Library/Application Support/Pebble SDK/SDKs/current/sdk-core/pebble/chalk
Checking for program 'gcc, cc'           : arm-none-eabi-gcc
Checking for program 'ar'                : arm-none-eabi-ar
Found Pebble SDK for basalt in:          : /Users/luke/Library/Application Support/Pebble SDK/SDKs/current/sdk-core/pebble/basalt
Checking for program 'gcc, cc'           : arm-none-eabi-gcc
Checking for program 'ar'                : arm-none-eabi-ar
'configure' finished successfully (0.144s)
Waf: Entering directory `/Users/luke/workspace/ambient-time/appstores/pebble/tarot-reader/build'
[246/249] Compiling gabbro | c: src/c/main.c -> build/src/c/main.c.44.o
[248/249] Linking gabbro | cprogram: build/src/c/main.c.44.o build/src/c/reading.c.44.o build/gabbro/appinfo.auto.c.44.o build/gabbro/src/resource_ids.auto.c.44.o -> build/gabbro/pebble-app.elf
/Users/luke/Library/Application Support/Pebble SDK/SDKs/4.33.1/toolchain/arm-none-eabi/bin/../lib/gcc/arm-none-eabi/14.2.1/../../../../arm-none-eabi/bin/ld: warning: /Users/luke/workspace/ambient-time/appstores/pebble/tarot-reader/build/gabbro/pebble-app.elf has a LOAD segment with RWX permissions

[249/249] Processing gabbro | memory_usage_report: build/gabbro/pebble-app.elf build/gabbro/app_resources.pbpack
WARNING: Your gabbro app resources are too large (708.103515625KB / 256.0KB). You will not be able to publish your app.

-------------------------------------------------------
GABBRO APP MEMORY USAGE
Total size of resources:        725098 bytes / 256.0KB
Total footprint in RAM:         20503 bytes / 128.0KB
Free RAM available (heap):      110569 bytes
-------------------------------------------------------
[495/497] Compiling flint | c: src/c/main.c -> build/src/c/main.c.45.o
[496/497] Linking flint | cprogram: build/src/c/main.c.45.o build/src/c/reading.c.45.o build/flint/appinfo.auto.c.45.o build/flint/src/resource_ids.auto.c.45.o -> build/flint/pebble-app.elf
/Users/luke/Library/Application Support/Pebble SDK/SDKs/4.33.1/toolchain/arm-none-eabi/bin/../lib/gcc/arm-none-eabi/14.2.1/../../../../arm-none-eabi/bin/ld: warning: /Users/luke/workspace/ambient-time/appstores/pebble/tarot-reader/build/flint/pebble-app.elf has a LOAD segment with RWX permissions

[497/497] Processing flint | memory_usage_report: build/flint/pebble-app.elf build/flint/app_resources.pbpack
WARNING: Your flint app resources are too large (356.189453125KB / 256.0KB). You will not be able to publish your app.

-------------------------------------------------------
FLINT APP MEMORY USAGE
Total size of resources:        364738 bytes / 256.0KB
Total footprint in RAM:         20551 bytes / 64.0KB
Free RAM available (heap):      44985 bytes
-------------------------------------------------------
[742/745] Compiling emery | c: src/c/main.c -> build/src/c/main.c.46.o
[744/745] Linking emery | cprogram: build/src/c/main.c.46.o build/src/c/reading.c.46.o build/emery/appinfo.auto.c.46.o build/emery/src/resource_ids.auto.c.46.o -> build/emery/pebble-app.elf
/Users/luke/Library/Application Support/Pebble SDK/SDKs/4.33.1/toolchain/arm-none-eabi/bin/../lib/gcc/arm-none-eabi/14.2.1/../../../../arm-none-eabi/bin/ld: warning: /Users/luke/workspace/ambient-time/appstores/pebble/tarot-reader/build/emery/pebble-app.elf has a LOAD segment with RWX permissions

[745/745] Processing emery | memory_usage_report: build/emery/pebble-app.elf build/emery/app_resources.pbpack
WARNING: Your emery app resources are too large (708.103515625KB / 256.0KB). You will not be able to publish your app.

-------------------------------------------------------
EMERY APP MEMORY USAGE
Total size of resources:        725098 bytes / 256.0KB
Total footprint in RAM:         20555 bytes / 128.0KB
Free RAM available (heap):      110517 bytes
-------------------------------------------------------
[990/993] Compiling diorite | c: src/c/main.c -> build/src/c/main.c.47.o
[992/993] Linking diorite | cprogram: build/src/c/main.c.47.o build/src/c/reading.c.47.o build/diorite/appinfo.auto.c.47.o build/diorite/src/resource_ids.auto.c.47.o -> build/diorite/pebble-app.elf
/Users/luke/Library/Application Support/Pebble SDK/SDKs/4.33.1/toolchain/arm-none-eabi/bin/../lib/gcc/arm-none-eabi/14.2.1/../../../../arm-none-eabi/bin/ld: warning: /Users/luke/workspace/ambient-time/appstores/pebble/tarot-reader/build/diorite/pebble-app.elf has a LOAD segment with RWX permissions

[993/993] Processing diorite | memory_usage_report: build/diorite/pebble-app.elf build/diorite/app_resources.pbpack
WARNING: Your diorite app resources are too large (356.189453125KB / 256.0KB). You will not be able to publish your app.

-------------------------------------------------------
DIORITE APP MEMORY USAGE
Total size of resources:        364738 bytes / 256.0KB
Total footprint in RAM:         20551 bytes / 64.0KB
Free RAM available (heap):      44985 bytes
-------------------------------------------------------
[1000/1241] Compiling chalk | reso: resources/data/art-40~chalk.bin -> build/chalk/resources/data/art-40~chalk.bin.ART_40.reso
[1002/1241] Compiling chalk | reso: resources/data/art-19~chalk.bin -> build/chalk/resources/data/art-19~chalk.bin.ART_19.reso
[1004/1241] Compiling chalk | reso: resources/data/art-3~chalk.bin -> build/chalk/resources/data/art-3~chalk.bin.ART_3.reso
[1007/1241] Compiling chalk | reso: resources/data/art-77~chalk.bin -> build/chalk/resources/data/art-77~chalk.bin.ART_77.reso
[1010/1241] Compiling chalk | reso: resources/data/art-37~chalk.bin -> build/chalk/resources/data/art-37~chalk.bin.ART_37.reso
[1011/1241] Compiling chalk | reso: resources/data/art-75~chalk.bin -> build/chalk/resources/data/art-75~chalk.bin.ART_75.reso
[1016/1241] Compiling chalk | reso: resources/data/art-17~chalk.bin -> build/chalk/resources/data/art-17~chalk.bin.ART_17.reso
[1019/1241] Compiling chalk | reso: resources/data/art-73~chalk.bin -> build/chalk/resources/data/art-73~chalk.bin.ART_73.reso
[1020/1241] Compiling chalk | reso: resources/data/art-35~chalk.bin -> build/chalk/resources/data/art-35~chalk.bin.ART_35.reso
[1024/1241] Compiling chalk | reso: resources/data/art-71~chalk.bin -> build/chalk/resources/data/art-71~chalk.bin.ART_71.reso
[1027/1241] Compiling chalk | reso: resources/data/art-7~chalk.bin -> build/chalk/resources/data/art-7~chalk.bin.ART_7.reso
[1029/1241] Compiling chalk | reso: resources/data/art-69~chalk.bin -> build/chalk/resources/data/art-69~chalk.bin.ART_69.reso
[1032/1241] Compiling chalk | reso: resources/data/art-33~chalk.bin -> build/chalk/resources/data/art-33~chalk.bin.ART_33.reso
[1035/1241] Compiling chalk | reso: resources/data/art-67~chalk.bin -> build/chalk/resources/data/art-67~chalk.bin.ART_67.reso
[1038/1241] Compiling chalk | reso: resources/data/art-15~chalk.bin -> build/chalk/resources/data/art-15~chalk.bin.ART_15.reso
[1041/1241] Compiling chalk | reso: resources/data/art-65~chalk.bin -> build/chalk/resources/data/art-65~chalk.bin.ART_65.reso
[1044/1241] Compiling chalk | reso: resources/data/art-31~chalk.bin -> build/chalk/resources/data/art-31~chalk.bin.ART_31.reso
[1047/1241] Compiling chalk | reso: resources/data/art-63~chalk.bin -> build/chalk/resources/data/art-63~chalk.bin.ART_63.reso
[1052/1241] Compiling chalk | reso: resources/data/art-61~chalk.bin -> build/chalk/resources/data/art-61~chalk.bin.ART_61.reso
[1057/1241] Compiling chalk | reso: resources/data/art-29~chalk.bin -> build/chalk/resources/data/art-29~chalk.bin.ART_29.reso
[1058/1241] Compiling chalk | reso: resources/data/art-59~chalk.bin -> build/chalk/resources/data/art-59~chalk.bin.ART_59.reso
[1061/1241] Compiling chalk | reso: resources/data/art-13~chalk.bin -> build/chalk/resources/data/art-13~chalk.bin.ART_13.reso
[1064/1241] Compiling chalk | reso: resources/data/art-57~chalk.bin -> build/chalk/resources/data/art-57~chalk.bin.ART_57.reso
[1067/1241] Compiling chalk | reso: resources/data/art-27~chalk.bin -> build/chalk/resources/data/art-27~chalk.bin.ART_27.reso
[1071/1241] Compiling chalk | reso: resources/data/art-55~chalk.bin -> build/chalk/resources/data/art-55~chalk.bin.ART_55.reso
[1074/1241] Compiling chalk | reso: resources/data/art-5~chalk.bin -> build/chalk/resources/data/art-5~chalk.bin.ART_5.reso
[1076/1241] Compiling chalk | reso: resources/data/art-53~chalk.bin -> build/chalk/resources/data/art-53~chalk.bin.ART_53.reso
[1079/1241] Compiling chalk | reso: resources/data/art-25~chalk.bin -> build/chalk/resources/data/art-25~chalk.bin.ART_25.reso
[1082/1241] Compiling chalk | reso: resources/data/art-51~chalk.bin -> build/chalk/resources/data/art-51~chalk.bin.ART_51.reso
[1085/1241] Compiling chalk | reso: resources/data/art-11~chalk.bin -> build/chalk/resources/data/art-11~chalk.bin.ART_11.reso
[1089/1241] Compiling chalk | reso: resources/data/art-49~chalk.bin -> build/chalk/resources/data/art-49~chalk.bin.ART_49.reso
[1092/1241] Compiling chalk | reso: resources/data/art-23~chalk.bin -> build/chalk/resources/data/art-23~chalk.bin.ART_23.reso
[1094/1241] Compiling chalk | reso: resources/data/art-47~chalk.bin -> build/chalk/resources/data/art-47~chalk.bin.ART_47.reso
[1097/1241] Compiling chalk | reso: resources/data/art-1~chalk.bin -> build/chalk/resources/data/art-1~chalk.bin.ART_1.reso
[1100/1241] Compiling chalk | reso: resources/data/art-45~chalk.bin -> build/chalk/resources/data/art-45~chalk.bin.ART_45.reso
[1103/1241] Compiling chalk | reso: resources/data/art-21~chalk.bin -> build/chalk/resources/data/art-21~chalk.bin.ART_21.reso
[1107/1241] Compiling chalk | reso: resources/data/art-43~chalk.bin -> build/chalk/resources/data/art-43~chalk.bin.ART_43.reso
[1109/1241] Compiling chalk | reso: resources/data/art-9~chalk.bin -> build/chalk/resources/data/art-9~chalk.bin.ART_9.reso
[1114/1241] Compiling chalk | reso: resources/data/art-41~chalk.bin -> build/chalk/resources/data/art-41~chalk.bin.ART_41.reso
[1116/1241] Compiling chalk | reso: resources/data/art-39~chalk.bin -> build/chalk/resources/data/art-39~chalk.bin.ART_39.reso
[1122/1241] Compiling chalk | reso: resources/data/art-8~chalk.bin -> build/chalk/resources/data/art-8~chalk.bin.ART_8.reso
[1123/1241] Compiling chalk | reso: resources/data/art-76~chalk.bin -> build/chalk/resources/data/art-76~chalk.bin.ART_76.reso
[1126/1241] Compiling chalk | reso: resources/data/art-36~chalk.bin -> build/chalk/resources/data/art-36~chalk.bin.ART_36.reso
[1129/1241] Compiling chalk | reso: resources/data/art-72~chalk.bin -> build/chalk/resources/data/art-72~chalk.bin.ART_72.reso
[1132/1241] Compiling chalk | reso: resources/data/art-16~chalk.bin -> build/chalk/resources/data/art-16~chalk.bin.ART_16.reso
[1135/1241] Compiling chalk | reso: resources/data/art-68~chalk.bin -> build/chalk/resources/data/art-68~chalk.bin.ART_68.reso
[1139/1241] Compiling chalk | reso: resources/data/art-32~chalk.bin -> build/chalk/resources/data/art-32~chalk.bin.ART_32.reso
[1142/1241] Compiling chalk | reso: resources/data/art-64~chalk.bin -> build/chalk/resources/data/art-64~chalk.bin.ART_64.reso
[1146/1241] Compiling chalk | reso: resources/data/art-0~chalk.bin -> build/chalk/resources/data/art-0~chalk.bin.ART_0.reso
[1147/1241] Compiling chalk | reso: resources/data/art-60~chalk.bin -> build/chalk/resources/data/art-60~chalk.bin.ART_60.reso
[1150/1241] Compiling chalk | reso: resources/data/art-28~chalk.bin -> build/chalk/resources/data/art-28~chalk.bin.ART_28.reso
[1153/1241] Compiling chalk | reso: resources/data/art-56~chalk.bin -> build/chalk/resources/data/art-56~chalk.bin.ART_56.reso
[1156/1241] Compiling chalk | reso: resources/data/art-12~chalk.bin -> build/chalk/resources/data/art-12~chalk.bin.ART_12.reso
[1161/1241] Compiling chalk | reso: resources/data/art-52~chalk.bin -> build/chalk/resources/data/art-52~chalk.bin.ART_52.reso
[1162/1241] Compiling chalk | reso: resources/data/art-24~chalk.bin -> build/chalk/resources/data/art-24~chalk.bin.ART_24.reso
[1165/1241] Compiling chalk | reso: resources/data/art-48~chalk.bin -> build/chalk/resources/data/art-48~chalk.bin.ART_48.reso
[1168/1241] Compiling chalk | reso: resources/data/art-4~chalk.bin -> build/chalk/resources/data/art-4~chalk.bin.ART_4.reso
[1173/1241] Compiling chalk | reso: resources/data/art-44~chalk.bin -> build/chalk/resources/data/art-44~chalk.bin.ART_44.reso
[1175/1241] Compiling chalk | reso: resources/data/art-20~chalk.bin -> build/chalk/resources/data/art-20~chalk.bin.ART_20.reso
[1177/1241] Compiling chalk | reso: resources/data/art-38~chalk.bin -> build/chalk/resources/data/art-38~chalk.bin.ART_38.reso
[1178/1241] Compiling chalk | reso: resources/data/art-18~chalk.bin -> build/chalk/resources/data/art-18~chalk.bin.ART_18.reso
[1182/1241] Compiling chalk | reso: resources/data/art-74~chalk.bin -> build/chalk/resources/data/art-74~chalk.bin.ART_74.reso
[1185/1241] Compiling chalk | reso: resources/data/art-34~chalk.bin -> build/chalk/resources/data/art-34~chalk.bin.ART_34.reso
[1188/1241] Compiling chalk | reso: resources/data/art-66~chalk.bin -> build/chalk/resources/data/art-66~chalk.bin.ART_66.reso
[1191/1241] Compiling chalk | reso: resources/data/art-2~chalk.bin -> build/chalk/resources/data/art-2~chalk.bin.ART_2.reso
[1194/1241] Compiling chalk | reso: resources/data/art-58~chalk.bin -> build/chalk/resources/data/art-58~chalk.bin.ART_58.reso
[1198/1241] Compiling chalk | reso: resources/data/art-26~chalk.bin -> build/chalk/resources/data/art-26~chalk.bin.ART_26.reso
[1202/1241] Compiling chalk | reso: resources/data/art-50~chalk.bin -> build/chalk/resources/data/art-50~chalk.bin.ART_50.reso
[1205/1241] Compiling chalk | reso: resources/data/art-10~chalk.bin -> build/chalk/resources/data/art-10~chalk.bin.ART_10.reso
[1209/1241] Compiling chalk | reso: resources/data/art-42~chalk.bin -> build/chalk/resources/data/art-42~chalk.bin.ART_42.reso
[1210/1241] Compiling chalk | reso: resources/data/art-70~chalk.bin -> build/chalk/resources/data/art-70~chalk.bin.ART_70.reso
[1214/1241] Compiling chalk | reso: resources/data/art-6~chalk.bin -> build/chalk/resources/data/art-6~chalk.bin.ART_6.reso
[1217/1241] Compiling chalk | reso: resources/data/art-54~chalk.bin -> build/chalk/resources/data/art-54~chalk.bin.ART_54.reso
[1221/1241] Compiling chalk | reso: resources/data/art-22~chalk.bin -> build/chalk/resources/data/art-22~chalk.bin.ART_22.reso
[1222/1241] Compiling chalk | reso: resources/data/art-62~chalk.bin -> build/chalk/resources/data/art-62~chalk.bin.ART_62.reso
[1223/1241] Compiling chalk | reso: resources/data/art-30~chalk.bin -> build/chalk/resources/data/art-30~chalk.bin.ART_30.reso
[1226/1241] Compiling chalk | reso: resources/data/art-14~chalk.bin -> build/chalk/resources/data/art-14~chalk.bin.ART_14.reso
[1228/1241] Compiling chalk | reso: resources/data/art-46~chalk.bin -> build/chalk/resources/data/art-46~chalk.bin.ART_46.reso
[1233/1241] Processing chalk | resource_ball: build/chalk/resources/data/menu-icon.png.IMAGE_MENU_ICON.reso build/chalk/resources/data/art-0~chalk.bin.ART_0.reso build/chalk/resources/data/detail-0.bin.DETAIL_0.reso build/chalk/resources/data/text-0.bin.TEXT_0.reso build/chalk/resources/data/art-1~chalk.bin.ART_1.reso build/chalk/resources/data/detail-1.bin.DETAIL_1.reso build/chalk/resources/data/text-1.bin.TEXT_1.reso build/chalk/resources/data/art-2~chalk.bin.ART_2.reso build/chalk/resources/data/detail-2.bin.DETAIL_2.reso build/chalk/resources/data/text-2.bin.TEXT_2.reso build/chalk/resources/data/art-3~chalk.bin.ART_3.reso build/chalk/resources/data/detail-3.bin.DETAIL_3.reso build/chalk/resources/data/text-3.bin.TEXT_3.reso build/chalk/resources/data/art-4~chalk.bin.ART_4.reso build/chalk/resources/data/detail-4.bin.DETAIL_4.reso build/chalk/resources/data/text-4.bin.TEXT_4.reso build/chalk/resources/data/art-5~chalk.bin.ART_5.reso build/chalk/resources/data/detail-5.bin.DETAIL_5.reso build/chalk/resources/data/text-5.bin.TEXT_5.reso build/chalk/resources/data/art-6~chalk.bin.ART_6.reso build/chalk/resources/data/detail-6.bin.DETAIL_6.reso build/chalk/resources/data/text-6.bin.TEXT_6.reso build/chalk/resources/data/art-7~chalk.bin.ART_7.reso build/chalk/resources/data/detail-7.bin.DETAIL_7.reso build/chalk/resources/data/text-7.bin.TEXT_7.reso build/chalk/resources/data/art-8~chalk.bin.ART_8.reso build/chalk/resources/data/detail-8.bin.DETAIL_8.reso build/chalk/resources/data/text-8.bin.TEXT_8.reso build/chalk/resources/data/art-9~chalk.bin.ART_9.reso build/chalk/resources/data/detail-9.bin.DETAIL_9.reso build/chalk/resources/data/text-9.bin.TEXT_9.reso build/chalk/resources/data/art-10~chalk.bin.ART_10.reso build/chalk/resources/data/detail-10.bin.DETAIL_10.reso build/chalk/resources/data/text-10.bin.TEXT_10.reso build/chalk/resources/data/art-11~chalk.bin.ART_11.reso build/chalk/resources/data/detail-11.bin.DETAIL_11.reso build/chalk/resources/data/text-11.bin.TEXT_11.reso build/chalk/resources/data/art-12~chalk.bin.ART_12.reso build/chalk/resources/data/detail-12.bin.DETAIL_12.reso build/chalk/resources/data/text-12.bin.TEXT_12.reso build/chalk/resources/data/art-13~chalk.bin.ART_13.reso build/chalk/resources/data/detail-13.bin.DETAIL_13.reso build/chalk/resources/data/text-13.bin.TEXT_13.reso build/chalk/resources/data/art-14~chalk.bin.ART_14.reso build/chalk/resources/data/detail-14.bin.DETAIL_14.reso build/chalk/resources/data/text-14.bin.TEXT_14.reso build/chalk/resources/data/art-15~chalk.bin.ART_15.reso build/chalk/resources/data/detail-15.bin.DETAIL_15.reso build/chalk/resources/data/text-15.bin.TEXT_15.reso build/chalk/resources/data/art-16~chalk.bin.ART_16.reso build/chalk/resources/data/detail-16.bin.DETAIL_16.reso build/chalk/resources/data/text-16.bin.TEXT_16.reso build/chalk/resources/data/art-17~chalk.bin.ART_17.reso build/chalk/resources/data/detail-17.bin.DETAIL_17.reso build/chalk/resources/data/text-17.bin.TEXT_17.reso build/chalk/resources/data/art-18~chalk.bin.ART_18.reso build/chalk/resources/data/detail-18.bin.DETAIL_18.reso build/chalk/resources/data/text-18.bin.TEXT_18.reso build/chalk/resources/data/art-19~chalk.bin.ART_19.reso build/chalk/resources/data/detail-19.bin.DETAIL_19.reso build/chalk/resources/data/text-19.bin.TEXT_19.reso build/chalk/resources/data/art-20~chalk.bin.ART_20.reso build/chalk/resources/data/detail-20.bin.DETAIL_20.reso build/chalk/resources/data/text-20.bin.TEXT_20.reso build/chalk/resources/data/art-21~chalk.bin.ART_21.reso build/chalk/resources/data/detail-21.bin.DETAIL_21.reso build/chalk/resources/data/text-21.bin.TEXT_21.reso build/chalk/resources/data/art-22~chalk.bin.ART_22.reso build/chalk/resources/data/detail-22.bin.DETAIL_22.reso build/chalk/resources/data/text-22.bin.TEXT_22.reso build/chalk/resources/data/art-23~chalk.bin.ART_23.reso build/chalk/resources/data/detail-23.bin.DETAIL_23.reso build/chalk/resources/data/text-23.bin.TEXT_23.reso build/chalk/resources/data/art-24~chalk.bin.ART_24.reso build/chalk/resources/data/detail-24.bin.DETAIL_24.reso build/chalk/resources/data/text-24.bin.TEXT_24.reso build/chalk/resources/data/art-25~chalk.bin.ART_25.reso build/chalk/resources/data/detail-25.bin.DETAIL_25.reso build/chalk/resources/data/text-25.bin.TEXT_25.reso build/chalk/resources/data/art-26~chalk.bin.ART_26.reso build/chalk/resources/data/detail-26.bin.DETAIL_26.reso build/chalk/resources/data/text-26.bin.TEXT_26.reso build/chalk/resources/data/art-27~chalk.bin.ART_27.reso build/chalk/resources/data/detail-27.bin.DETAIL_27.reso build/chalk/resources/data/text-27.bin.TEXT_27.reso build/chalk/resources/data/art-28~chalk.bin.ART_28.reso build/chalk/resources/data/detail-28.bin.DETAIL_28.reso build/chalk/resources/data/text-28.bin.TEXT_28.reso build/chalk/resources/data/art-29~chalk.bin.ART_29.reso build/chalk/resources/data/detail-29.bin.DETAIL_29.reso build/chalk/resources/data/text-29.bin.TEXT_29.reso build/chalk/resources/data/art-30~chalk.bin.ART_30.reso build/chalk/resources/data/detail-30.bin.DETAIL_30.reso build/chalk/resources/data/text-30.bin.TEXT_30.reso build/chalk/resources/data/art-31~chalk.bin.ART_31.reso build/chalk/resources/data/detail-31.bin.DETAIL_31.reso build/chalk/resources/data/text-31.bin.TEXT_31.reso build/chalk/resources/data/art-32~chalk.bin.ART_32.reso build/chalk/resources/data/detail-32.bin.DETAIL_32.reso build/chalk/resources/data/text-32.bin.TEXT_32.reso build/chalk/resources/data/art-33~chalk.bin.ART_33.reso build/chalk/resources/data/detail-33.bin.DETAIL_33.reso build/chalk/resources/data/text-33.bin.TEXT_33.reso build/chalk/resources/data/art-34~chalk.bin.ART_34.reso build/chalk/resources/data/detail-34.bin.DETAIL_34.reso build/chalk/resources/data/text-34.bin.TEXT_34.reso build/chalk/resources/data/art-35~chalk.bin.ART_35.reso build/chalk/resources/data/detail-35.bin.DETAIL_35.reso build/chalk/resources/data/text-35.bin.TEXT_35.reso build/chalk/resources/data/art-36~chalk.bin.ART_36.reso build/chalk/resources/data/detail-36.bin.DETAIL_36.reso build/chalk/resources/data/text-36.bin.TEXT_36.reso build/chalk/resources/data/art-37~chalk.bin.ART_37.reso build/chalk/resources/data/detail-37.bin.DETAIL_37.reso build/chalk/resources/data/text-37.bin.TEXT_37.reso build/chalk/resources/data/art-38~chalk.bin.ART_38.reso build/chalk/resources/data/detail-38.bin.DETAIL_38.reso build/chalk/resources/data/text-38.bin.TEXT_38.reso build/chalk/resources/data/art-39~chalk.bin.ART_39.reso build/chalk/resources/data/detail-39.bin.DETAIL_39.reso build/chalk/resources/data/text-39.bin.TEXT_39.reso build/chalk/resources/data/art-40~chalk.bin.ART_40.reso build/chalk/resources/data/detail-40.bin.DETAIL_40.reso build/chalk/resources/data/text-40.bin.TEXT_40.reso build/chalk/resources/data/art-41~chalk.bin.ART_41.reso build/chalk/resources/data/detail-41.bin.DETAIL_41.reso build/chalk/resources/data/text-41.bin.TEXT_41.reso build/chalk/resources/data/art-42~chalk.bin.ART_42.reso build/chalk/resources/data/detail-42.bin.DETAIL_42.reso build/chalk/resources/data/text-42.bin.TEXT_42.reso build/chalk/resources/data/art-43~chalk.bin.ART_43.reso build/chalk/resources/data/detail-43.bin.DETAIL_43.reso build/chalk/resources/data/text-43.bin.TEXT_43.reso build/chalk/resources/data/art-44~chalk.bin.ART_44.reso build/chalk/resources/data/detail-44.bin.DETAIL_44.reso build/chalk/resources/data/text-44.bin.TEXT_44.reso build/chalk/resources/data/art-45~chalk.bin.ART_45.reso build/chalk/resources/data/detail-45.bin.DETAIL_45.reso build/chalk/resources/data/text-45.bin.TEXT_45.reso build/chalk/resources/data/art-46~chalk.bin.ART_46.reso build/chalk/resources/data/detail-46.bin.DETAIL_46.reso build/chalk/resources/data/text-46.bin.TEXT_46.reso build/chalk/resources/data/art-47~chalk.bin.ART_47.reso build/chalk/resources/data/detail-47.bin.DETAIL_47.reso build/chalk/resources/data/text-47.bin.TEXT_47.reso build/chalk/resources/data/art-48~chalk.bin.ART_48.reso build/chalk/resources/data/detail-48.bin.DETAIL_48.reso build/chalk/resources/data/text-48.bin.TEXT_48.reso build/chalk/resources/data/art-49~chalk.bin.ART_49.reso build/chalk/resources/data/detail-49.bin.DETAIL_49.reso build/chalk/resources/data/text-49.bin.TEXT_49.reso build/chalk/resources/data/art-50~chalk.bin.ART_50.reso build/chalk/resources/data/detail-50.bin.DETAIL_50.reso build/chalk/resources/data/text-50.bin.TEXT_50.reso build/chalk/resources/data/art-51~chalk.bin.ART_51.reso build/chalk/resources/data/detail-51.bin.DETAIL_51.reso build/chalk/resources/data/text-51.bin.TEXT_51.reso build/chalk/resources/data/art-52~chalk.bin.ART_52.reso build/chalk/resources/data/detail-52.bin.DETAIL_52.reso build/chalk/resources/data/text-52.bin.TEXT_52.reso build/chalk/resources/data/art-53~chalk.bin.ART_53.reso build/chalk/resources/data/detail-53.bin.DETAIL_53.reso build/chalk/resources/data/text-53.bin.TEXT_53.reso build/chalk/resources/data/art-54~chalk.bin.ART_54.reso build/chalk/resources/data/detail-54.bin.DETAIL_54.reso build/chalk/resources/data/text-54.bin.TEXT_54.reso build/chalk/resources/data/art-55~chalk.bin.ART_55.reso build/chalk/resources/data/detail-55.bin.DETAIL_55.reso build/chalk/resources/data/text-55.bin.TEXT_55.reso build/chalk/resources/data/art-56~chalk.bin.ART_56.reso build/chalk/resources/data/detail-56.bin.DETAIL_56.reso build/chalk/resources/data/text-56.bin.TEXT_56.reso build/chalk/resources/data/art-57~chalk.bin.ART_57.reso build/chalk/resources/data/detail-57.bin.DETAIL_57.reso build/chalk/resources/data/text-57.bin.TEXT_57.reso build/chalk/resources/data/art-58~chalk.bin.ART_58.reso build/chalk/resources/data/detail-58.bin.DETAIL_58.reso build/chalk/resources/data/text-58.bin.TEXT_58.reso build/chalk/resources/data/art-59~chalk.bin.ART_59.reso build/chalk/resources/data/detail-59.bin.DETAIL_59.reso build/chalk/resources/data/text-59.bin.TEXT_59.reso build/chalk/resources/data/art-60~chalk.bin.ART_60.reso build/chalk/resources/data/detail-60.bin.DETAIL_60.reso build/chalk/resources/data/text-60.bin.TEXT_60.reso build/chalk/resources/data/art-61~chalk.bin.ART_61.reso build/chalk/resources/data/detail-61.bin.DETAIL_61.reso build/chalk/resources/data/text-61.bin.TEXT_61.reso build/chalk/resources/data/art-62~chalk.bin.ART_62.reso build/chalk/resources/data/detail-62.bin.DETAIL_62.reso build/chalk/resources/data/text-62.bin.TEXT_62.reso build/chalk/resources/data/art-63~chalk.bin.ART_63.reso build/chalk/resources/data/detail-63.bin.DETAIL_63.reso build/chalk/resources/data/text-63.bin.TEXT_63.reso build/chalk/resources/data/art-64~chalk.bin.ART_64.reso build/chalk/resources/data/detail-64.bin.DETAIL_64.reso build/chalk/resources/data/text-64.bin.TEXT_64.reso build/chalk/resources/data/art-65~chalk.bin.ART_65.reso build/chalk/resources/data/detail-65.bin.DETAIL_65.reso build/chalk/resources/data/text-65.bin.TEXT_65.reso build/chalk/resources/data/art-66~chalk.bin.ART_66.reso build/chalk/resources/data/detail-66.bin.DETAIL_66.reso build/chalk/resources/data/text-66.bin.TEXT_66.reso build/chalk/resources/data/art-67~chalk.bin.ART_67.reso build/chalk/resources/data/detail-67.bin.DETAIL_67.reso build/chalk/resources/data/text-67.bin.TEXT_67.reso build/chalk/resources/data/art-68~chalk.bin.ART_68.reso build/chalk/resources/data/detail-68.bin.DETAIL_68.reso build/chalk/resources/data/text-68.bin.TEXT_68.reso build/chalk/resources/data/art-69~chalk.bin.ART_69.reso build/chalk/resources/data/detail-69.bin.DETAIL_69.reso build/chalk/resources/data/text-69.bin.TEXT_69.reso build/chalk/resources/data/art-70~chalk.bin.ART_70.reso build/chalk/resources/data/detail-70.bin.DETAIL_70.reso build/chalk/resources/data/text-70.bin.TEXT_70.reso build/chalk/resources/data/art-71~chalk.bin.ART_71.reso build/chalk/resources/data/detail-71.bin.DETAIL_71.reso build/chalk/resources/data/text-71.bin.TEXT_71.reso build/chalk/resources/data/art-72~chalk.bin.ART_72.reso build/chalk/resources/data/detail-72.bin.DETAIL_72.reso build/chalk/resources/data/text-72.bin.TEXT_72.reso build/chalk/resources/data/art-73~chalk.bin.ART_73.reso build/chalk/resources/data/detail-73.bin.DETAIL_73.reso build/chalk/resources/data/text-73.bin.TEXT_73.reso build/chalk/resources/data/art-74~chalk.bin.ART_74.reso build/chalk/resources/data/detail-74.bin.DETAIL_74.reso build/chalk/resources/data/text-74.bin.TEXT_74.reso build/chalk/resources/data/art-75~chalk.bin.ART_75.reso build/chalk/resources/data/detail-75.bin.DETAIL_75.reso build/chalk/resources/data/text-75.bin.TEXT_75.reso build/chalk/resources/data/art-76~chalk.bin.ART_76.reso build/chalk/resources/data/detail-76.bin.DETAIL_76.reso build/chalk/resources/data/text-76.bin.TEXT_76.reso build/chalk/resources/data/art-77~chalk.bin.ART_77.reso build/chalk/resources/data/detail-77.bin.DETAIL_77.reso build/chalk/resources/data/text-77.bin.TEXT_77.reso -> build/chalk/system_resources.resball
[1234/1241] Compiling chalk | generate_resource_id_definitions: build/chalk/system_resources.resball -> build/chalk/src/resource_ids.auto.c
[1235/1241] Compiling chalk | generate_pbpack: build/chalk/system_resources.resball -> build/chalk/app_resources.pbpack
[1236/1241] Compiling chalk | generate_resource_id_header: build/chalk/system_resources.resball -> build/chalk/src/resource_ids.auto.h
[1239/1241] Compiling chalk | c: src/c/main.c -> build/src/c/main.c.48.o
[1240/1241] Linking chalk | cprogram: build/src/c/main.c.48.o build/src/c/reading.c.48.o build/chalk/appinfo.auto.c.48.o build/chalk/src/resource_ids.auto.c.48.o -> build/chalk/pebble-app.elf
/Users/luke/Library/Application Support/Pebble SDK/SDKs/4.33.1/toolchain/arm-none-eabi/bin/../lib/gcc/arm-none-eabi/14.2.1/../../../../arm-none-eabi/bin/ld: warning: /Users/luke/workspace/ambient-time/appstores/pebble/tarot-reader/build/chalk/pebble-app.elf has a LOAD segment with RWX permissions

[1241/1241] Processing chalk | memory_usage_report: build/chalk/pebble-app.elf build/chalk/app_resources.pbpack
WARNING: Your chalk app resources are too large (340.041015625KB / 256.0KB). You will not be able to publish your app.

-------------------------------------------------------
CHALK APP MEMORY USAGE
Total size of resources:        348202 bytes / 256.0KB
Total footprint in RAM:         20503 bytes / 64.0KB
Free RAM available (heap):      45033 bytes
-------------------------------------------------------
[1486/1489] Compiling basalt | c: src/c/main.c -> build/src/c/main.c.49.o
[1488/1489] Linking basalt | cprogram: build/src/c/main.c.49.o build/src/c/reading.c.49.o build/basalt/appinfo.auto.c.49.o build/basalt/src/resource_ids.auto.c.49.o -> build/basalt/pebble-app.elf
/Users/luke/Library/Application Support/Pebble SDK/SDKs/4.33.1/toolchain/arm-none-eabi/bin/../lib/gcc/arm-none-eabi/14.2.1/../../../../arm-none-eabi/bin/ld: warning: /Users/luke/workspace/ambient-time/appstores/pebble/tarot-reader/build/basalt/pebble-app.elf has a LOAD segment with RWX permissions

[1489/1489] Processing basalt | memory_usage_report: build/basalt/pebble-app.elf build/basalt/app_resources.pbpack
WARNING: Your basalt app resources are too large (356.189453125KB / 256.0KB). You will not be able to publish your app.

-------------------------------------------------------
BASALT APP MEMORY USAGE
Total size of resources:        364738 bytes / 256.0KB
Total footprint in RAM:         20555 bytes / 64.0KB
Free RAM available (heap):      44981 bytes
-------------------------------------------------------
[1490/1502] Compiling gabbro | /Users/luke/workspace/ambient-time/appstores/pebble/tarot-reader/build/gabbro/pebble-app.raw.bin: build/gabbro/pebble-app.elf -> build/gabbro/pebble-app.raw.bin
[1491/1502] Compiling flint | /Users/luke/workspace/ambient-time/appstores/pebble/tarot-reader/build/flint/pebble-app.raw.bin: build/flint/pebble-app.elf -> build/flint/pebble-app.raw.bin
[1492/1502] Compiling emery | /Users/luke/workspace/ambient-time/appstores/pebble/tarot-reader/build/emery/pebble-app.raw.bin: build/emery/pebble-app.elf -> build/emery/pebble-app.raw.bin
[1493/1502] Compiling diorite | /Users/luke/workspace/ambient-time/appstores/pebble/tarot-reader/build/diorite/pebble-app.raw.bin: build/diorite/pebble-app.elf -> build/diorite/pebble-app.raw.bin
[1494/1502] Compiling chalk | /Users/luke/workspace/ambient-time/appstores/pebble/tarot-reader/build/chalk/pebble-app.raw.bin: build/chalk/pebble-app.elf -> build/chalk/pebble-app.raw.bin
[1495/1502] Compiling basalt | /Users/luke/workspace/ambient-time/appstores/pebble/tarot-reader/build/basalt/pebble-app.raw.bin: build/basalt/pebble-app.elf -> build/basalt/pebble-app.raw.bin
[1496/1502] Processing emery | inject-metadata: build/emery/pebble-app.raw.bin build/emery/pebble-app.elf build/emery/app_resources.pbpack -> build/emery/pebble-app.bin
[1497/1502] Processing basalt | inject-metadata: build/basalt/pebble-app.raw.bin build/basalt/pebble-app.elf build/basalt/app_resources.pbpack -> build/basalt/pebble-app.bin
[1498/1502] Processing gabbro | inject-metadata: build/gabbro/pebble-app.raw.bin build/gabbro/pebble-app.elf build/gabbro/app_resources.pbpack -> build/gabbro/pebble-app.bin
[1499/1502] Processing flint | inject-metadata: build/flint/pebble-app.raw.bin build/flint/pebble-app.elf build/flint/app_resources.pbpack -> build/flint/pebble-app.bin
[1500/1502] Processing diorite | inject-metadata: build/diorite/pebble-app.raw.bin build/diorite/pebble-app.elf build/diorite/app_resources.pbpack -> build/diorite/pebble-app.bin
[1501/1502] Processing chalk | inject-metadata: build/chalk/pebble-app.raw.bin build/chalk/pebble-app.elf build/chalk/app_resources.pbpack -> build/chalk/pebble-app.bin
[1502/1502] Creating app_bundle:  -> build/tarot-reader.pbw
Waf: Leaving directory `/Users/luke/workspace/ambient-time/appstores/pebble/tarot-reader/build'
'build' finished successfully (3.484s)

[1m[33mA new pebble-tool is available: v5.0.40 (current: v5.0.39)[0m
[33m  Update with: uv tool upgrade pebble-tool[0m
